{
  "count": 1,
  "id": 0,
  "orderStatus": "WAIT_PAY",
  "price": 10,
  "skuId": 0,
  "version": 1
}