[
  {
    "count": 1,
    "orderid": -5106534569952410475
  }
]