{
  "pageSize" : 10,
  "pages" : 1,
  "rows" : [ {
    "canCancel" : false,
    "country" : "CHINA",
    "detailCount" : 2,
    "email" : "123456@qq.com",
    "fullName" : {
      "firstName" : "first",
      "lastName" : "last"
    },
    "orderId" : 1,
    "orderStatus" : "WAIT_PAY"
  } ],
  "total" : 1
}