{
  "country": "country1",
  "email": "email1",
  "fullAddressLine": {
    "addressLine1": "addressLine11",
    "addressLine2": "addressLine21"
  },
  "fullName": {
    "firstName": "firstName1",
    "lastName": "lastName1"
  },
  "phoneNumber": "phoneNumber1"
}