{"pages":0,"pageSize":0,"total":1,"rows":[{"skuId":1,"title":null,"color":null,"size":null,"count":1}]}